src/__tests__/project-creation.test.ts(44,5): error TS2741: Property 'email' is missing in type '{ id: string; }' but required in type '{ id: string; email: string; }'.
src/__tests__/project-creation.test.ts(46,9): error TS2353: Object literal may only specify known properties, and 'email' does not exist in type '(Without<UserCreateInput, UserUncheckedCreateInput> & UserUncheckedCreateInput) | (Without<...> & UserCreateInput)'.
src/__tests__/project-creation.test.ts(52,5): error TS2741: Property 'email' is missing in type '{ id: string; }' but required in type '{ id: string; email: string; }'.
src/__tests__/project-creation.test.ts(54,9): error TS2353: Object literal may only specify known properties, and 'email' does not exist in type '(Without<UserCreateInput, UserUncheckedCreateInput> & UserUncheckedCreateInput) | (Without<...> & UserCreateInput)'.
src/__tests__/project-creation.test.ts(61,28): error TS2339: Property 'org' does not exist on type 'PrismaClient<PrismaClientOptions, never, DefaultArgs>'.
src/__tests__/project-creation.test.ts(69,18): error TS2339: Property 'orgMember' does not exist on type 'PrismaClient<PrismaClientOptions, never, DefaultArgs>'.
src/__tests__/project-creation.test.ts(95,18): error TS2339: Property 'readinessItem' does not exist on type 'PrismaClient<PrismaClientOptions, never, DefaultArgs>'.
src/__tests__/project-creation.test.ts(104,9): error TS2353: Object literal may only specify known properties, and 'ownerId' does not exist in type 'ProjectWhereInput'.
src/__tests__/project-creation.test.ts(107,18): error TS2339: Property 'property' does not exist on type 'PrismaClient<PrismaClientOptions, never, DefaultArgs>'.
src/__tests__/project-creation.test.ts(112,18): error TS2339: Property 'orgMember' does not exist on type 'PrismaClient<PrismaClientOptions, never, DefaultArgs>'.
src/__tests__/project-creation.test.ts(117,18): error TS2339: Property 'org' does not exist on type 'PrismaClient<PrismaClientOptions, never, DefaultArgs>'.
src/__tests__/project-creation.test.ts(131,18): error TS2339: Property 'readinessItem' does not exist on type 'PrismaClient<PrismaClientOptions, never, DefaultArgs>'.
src/__tests__/project-creation.test.ts(140,9): error TS2353: Object literal may only specify known properties, and 'ownerId' does not exist in type 'ProjectWhereInput'.
src/__tests__/project-creation.test.ts(204,35): error TS2339: Property 'property' does not exist on type 'PrismaClient<PrismaClientOptions, never, DefaultArgs>'.
src/modules/docusign/docusign.service.ts(1,107): error TS7016: Could not find a declaration file for module 'docusign-esign'. 'C:/Kealee-Platform v10/node_modules/.pnpm/docusign-esign@8.5.0/node_modules/docusign-esign/src/index.js' implicitly has an 'any' type.
src/modules/marketplace/leads.routes.ts(46,23): error TS2345: Argument of type 'ZodObject<{ stage: ZodOptional<ZodString>; estimatedValueMin: ZodOptional<ZodEffects<ZodString, number, string>>; estimatedValueMax: ZodOptional<...>; ... 5 more ...; offset: ZodOptional<...>; }, "strip", ZodTypeAny, { ...; }, { ...; }>' is not assignable to parameter of type 'ZodType<{ limit?: number | undefined; city?: string | undefined; state?: string | undefined; offset?: number | undefined; projectType?: string | undefined; stage?: string | undefined; estimatedValueMin?: number | undefined; estimatedValueMax?: number | undefined; assignedSalesRepId?: string | undefined; }, ZodTypeDe...'.
src/modules/orgs/org.routes.ts(112,33): error TS2345: Argument of type 'ZodObject<{ page: ZodOptional<ZodEffects<ZodString, number, string>>; limit: ZodOptional<ZodEffects<ZodString, number, string>>; status: ZodOptional<...>; search: ZodOptional<...>; }, "strip", ZodTypeAny, { ...; }, { ...; }>' is not assignable to parameter of type 'ZodType<{ search?: string | undefined; status?: "ACTIVE" | "SUSPENDED" | "DELETED" | undefined; page?: number | undefined; limit?: number | undefined; }, ZodTypeDef, { search?: string | undefined; status?: "ACTIVE" | ... 2 more ... | undefined; page?: number | undefined; limit?: number | undefined; }>'.
src/modules/orgs/org.routes.ts(127,9): error TS2353: Object literal may only specify known properties, and 'search' does not exist in type '{ page?: number | undefined; limit?: number | undefined; status?: "ACTIVE" | "SUSPENDED" | "DELETED" | undefined; }'.
src/modules/permits/jurisdiction-config.routes.ts(118,61): error TS2339: Property 'createFeeSchedule' does not exist on type '{ getConfig(jurisdictionId: string): Promise<any>; updateConfig(jurisdictionId: string, data: any): Promise<any>; }'.
src/modules/permits/jurisdiction-config.routes.ts(149,56): error TS2339: Property 'calculateFee' does not exist on type '{ getConfig(jurisdictionId: string): Promise<any>; updateConfig(jurisdictionId: string, data: any): Promise<any>; }'.
src/modules/permits/jurisdiction-config.routes.ts(175,56): error TS2339: Property 'createPermitTypeConfig' does not exist on type '{ getConfig(jurisdictionId: string): Promise<any>; updateConfig(jurisdictionId: string, data: any): Promise<any>; }'.
src/modules/permits/jurisdiction-config.routes.ts(205,60): error TS2339: Property 'createReviewDiscipline' does not exist on type '{ getConfig(jurisdictionId: string): Promise<any>; updateConfig(jurisdictionId: string, data: any): Promise<any>; }'.
src/modules/permits/jurisdiction-config.routes.ts(235,60): error TS2339: Property 'createInspectorAssignment' does not exist on type '{ getConfig(jurisdictionId: string): Promise<any>; updateConfig(jurisdictionId: string, data: any): Promise<any>; }'.
src/modules/permits/jurisdiction-config.routes.ts(265,54): error TS2339: Property 'createBusinessRule' does not exist on type '{ getConfig(jurisdictionId: string): Promise<any>; updateConfig(jurisdictionId: string, data: any): Promise<any>; }'.
src/modules/permits/jurisdiction-config.routes.ts(294,56): error TS2339: Property 'evaluateBusinessRules' does not exist on type '{ getConfig(jurisdictionId: string): Promise<any>; updateConfig(jurisdictionId: string, data: any): Promise<any>; }'.
src/modules/permits/jurisdiction-config.routes.ts(320,57): error TS2339: Property 'createHoliday' does not exist on type '{ getConfig(jurisdictionId: string): Promise<any>; updateConfig(jurisdictionId: string, data: any): Promise<any>; }'.
src/modules/permits/jurisdiction-config.routes.ts(357,56): error TS2339: Property 'isHoliday' does not exist on type '{ getConfig(jurisdictionId: string): Promise<any>; updateConfig(jurisdictionId: string, data: any): Promise<any>; }'.
src/modules/permits/jurisdiction-config.routes.ts(380,56): error TS2339: Property 'listConfiguration' does not exist on type '{ getConfig(jurisdictionId: string): Promise<any>; updateConfig(jurisdictionId: string, data: any): Promise<any>; }'.
src/modules/permits/jurisdiction-staff.routes.ts(100,54): error TS2339: Property 'createStaff' does not exist on type '{ getStaff(jurisdictionId: string): Promise<any>; addStaff(jurisdictionId: string, userId: string, role: string): Promise<any>; removeStaff(jurisdictionId: string, userId: string): Promise<...>; }'.
src/modules/permits/jurisdiction-staff.routes.ts(132,54): error TS2339: Property 'listStaff' does not exist on type '{ getStaff(jurisdictionId: string): Promise<any>; addStaff(jurisdictionId: string, userId: string, role: string): Promise<any>; removeStaff(jurisdictionId: string, userId: string): Promise<...>; }'.
src/modules/permits/jurisdiction-staff.routes.ts(183,55): error TS2339: Property 'balanceWorkload' does not exist on type '{ getStaff(jurisdictionId: string): Promise<any>; addStaff(jurisdictionId: string, userId: string, role: string): Promise<any>; removeStaff(jurisdictionId: string, userId: string): Promise<...>; }'.
src/modules/permits/jurisdiction-staff.routes.ts(210,59): error TS2339: Property 'assignWorkload' does not exist on type '{ getStaff(jurisdictionId: string): Promise<any>; addStaff(jurisdictionId: string, userId: string, role: string): Promise<any>; removeStaff(jurisdictionId: string, userId: string): Promise<...>; }'.
src/modules/permits/jurisdiction-staff.routes.ts(241,55): error TS2339: Property 'recordPerformanceMetric' does not exist on type '{ getStaff(jurisdictionId: string): Promise<any>; addStaff(jurisdictionId: string, userId: string, role: string): Promise<any>; removeStaff(jurisdictionId: string, userId: string): Promise<...>; }'.
src/modules/permits/jurisdiction-staff.routes.ts(274,62): error TS2339: Property 'addCertification' does not exist on type '{ getStaff(jurisdictionId: string): Promise<any>; addStaff(jurisdictionId: string, userId: string, role: string): Promise<any>; removeStaff(jurisdictionId: string, userId: string): Promise<...>; }'.
src/modules/permits/jurisdiction-staff.routes.ts(308,57): error TS2339: Property 'assignTraining' does not exist on type '{ getStaff(jurisdictionId: string): Promise<any>; addStaff(jurisdictionId: string, userId: string, role: string): Promise<any>; removeStaff(jurisdictionId: string, userId: string): Promise<...>; }'.
src/modules/permits/jurisdiction-staff.routes.ts(339,57): error TS2339: Property 'completeTraining' does not exist on type '{ getStaff(jurisdictionId: string): Promise<any>; addStaff(jurisdictionId: string, userId: string, role: string): Promise<any>; removeStaff(jurisdictionId: string, userId: string): Promise<...>; }'.
src/modules/permits/jurisdiction-staff.routes.ts(366,58): error TS2339: Property 'provisionMobileApp' does not exist on type '{ getStaff(jurisdictionId: string): Promise<any>; addStaff(jurisdictionId: string, userId: string, role: string): Promise<any>; removeStaff(jurisdictionId: string, userId: string): Promise<...>; }'.
src/modules/permits/jurisdiction-staff.routes.ts(398,56): error TS2339: Property 'getStaffPerformanceSummary' does not exist on type '{ getStaff(jurisdictionId: string): Promise<any>; addStaff(jurisdictionId: string, userId: string, role: string): Promise<any>; removeStaff(jurisdictionId: string, userId: string): Promise<...>; }'.
src/modules/permits/jurisdiction.routes.ts(44,75): error TS2345: Argument of type '{ createdById: string; code: string; name: string; state: string; contactEmail: string; contactPhone: string; city?: string | undefined; county?: string | undefined; websiteUrl?: string | undefined; serviceArea?: any; }' is not assignable to parameter of type '{ name: string; code: string; state: string; county?: string | undefined; city?: string | undefined; contactEmail: string; contactPhone: string; websiteUrl?: string | undefined; serviceArea: any; createdById: string; }'.
src/modules/permits/jurisdiction.service.ts(328,47): error TS7006: Parameter 'p' implicitly has an 'any' type.
src/modules/permits/jurisdiction.service.ts(329,45): error TS7006: Parameter 'p' implicitly has an 'any' type.
src/modules/permits/jurisdiction.service.ts(330,48): error TS7006: Parameter 'p' implicitly has an 'any' type.
src/modules/permits/jurisdiction.service.ts(332,51): error TS7006: Parameter 'sum' implicitly has an 'any' type.
src/modules/permits/jurisdiction.service.ts(332,56): error TS7006: Parameter 'p' implicitly has an 'any' type.
src/modules/permits/jurisdiction.service.ts(336,54): error TS7006: Parameter 'sum' implicitly has an 'any' type.
src/modules/permits/jurisdiction.service.ts(336,59): error TS7006: Parameter 'p' implicitly has an 'any' type.
src/modules/permits/permit-routing.service.ts(219,58): error TS2339: Property 'balanceWorkload' does not exist on type '{ getStaff(jurisdictionId: string): Promise<any>; addStaff(jurisdictionId: string, userId: string, role: string): Promise<any>; removeStaff(jurisdictionId: string, userId: string): Promise<...>; }'.
src/modules/permits/permit-routing.service.ts(249,36): error TS2339: Property 'assignWorkload' does not exist on type '{ getStaff(jurisdictionId: string): Promise<any>; addStaff(jurisdictionId: string, userId: string, role: string): Promise<any>; removeStaff(jurisdictionId: string, userId: string): Promise<...>; }'.
src/modules/permits/permit-routing.service.ts(303,35): error TS7006: Parameter 'existing' implicitly has an 'any' type.
src/modules/permits/permit-routing.service.ts(618,42): error TS7006: Parameter 'r' implicitly has an 'any' type.
src/modules/permits/permit-routing.service.ts(619,43): error TS7006: Parameter 'r' implicitly has an 'any' type.
src/modules/permits/permit-routing.service.ts(620,44): error TS7006: Parameter 'r' implicitly has an 'any' type.
src/modules/permits/permit-routing.service.ts(621,44): error TS7006: Parameter 'r' implicitly has an 'any' type.
src/modules/permits/permit-routing.service.ts(659,8): error TS7006: Parameter 'r' implicitly has an 'any' type.
src/modules/pm/pm-compliance-check.service.ts(81,10): error TS7006: Parameter 'gate' implicitly has an 'any' type.
src/modules/pm/pm-compliance-check.service.ts(142,50): error TS7006: Parameter 'log' implicitly has an 'any' type.
src/modules/pm/pm-compliance-check.service.ts(190,38): error TS7006: Parameter 's' implicitly has an 'any' type.
src/modules/pm/pm-compliance-check.service.ts(194,34): error TS7006: Parameter 'g' implicitly has an 'any' type.
src/modules/pm/pm-compliance-check.service.ts(198,36): error TS7006: Parameter 'p' implicitly has an 'any' type.
src/modules/pm/pm-compliance-check.service.ts(202,38): error TS7006: Parameter 'd' implicitly has an 'any' type.
src/modules/pm/pm-priority-scoring.service.ts(136,41): error TS7006: Parameter 'task' implicitly has an 'any' type.
src/modules/pm/pm-priority-scoring.service.ts(153,28): error TS7006: Parameter 'a' implicitly has an 'any' type.
src/modules/pm/pm-priority-scoring.service.ts(153,31): error TS7006: Parameter 'b' implicitly has an 'any' type.
src/modules/pm/pm-productivity.service.ts(62,36): error TS7006: Parameter 'sum' implicitly has an 'any' type.
src/modules/pm/pm-productivity.service.ts(62,41): error TS7006: Parameter 'task' implicitly has an 'any' type.
src/modules/pm/pm-productivity.service.ts(115,44): error TS7006: Parameter 'log' implicitly has an 'any' type.
src/modules/pm/pm-productivity.service.ts(181,39): error TS7006: Parameter 'sr' implicitly has an 'any' type.
src/modules/pm/pm-productivity.service.ts(202,35): error TS7006: Parameter 'perm' implicitly has an 'any' type.
src/modules/pm/pm-productivity.service.ts(227,27): error TS7006: Parameter 'task' implicitly has an 'any' type.
src/modules/pm/pm-realtime.routes.ts(47,37): error TS7006: Parameter 't' implicitly has an 'any' type.
src/modules/pm/pm-realtime.routes.ts(135,44): error TS7006: Parameter 'sum' implicitly has an 'any' type.
src/modules/pm/pm-realtime.routes.ts(135,49): error TS7006: Parameter 'task' implicitly has an 'any' type.
src/modules/pm/pm-task-context.routes.ts(79,9): error TS2304: Cannot find name 'validateBody'.
src/modules/pm/pm-task-context.routes.ts(107,9): error TS2304: Cannot find name 'validateBody'.
src/modules/pm/pm-task-context.routes.ts(135,9): error TS2304: Cannot find name 'validateBody'.
src/modules/pm/pm-task-context.routes.ts(162,9): error TS2304: Cannot find name 'validateBody'.
src/modules/projects/project.routes.ts(127,30): error TS2304: Cannot find name 'NotFoundError'.
src/modules/projects/project.routes.ts(127,64): error TS2304: Cannot find name 'ValidationError'.
src/modules/projects/project.service.ts(3,73): error TS2307: Cannot find module '@prisma/client' or its corresponding type declarations.
src/modules/projects/project.service.ts(231,56): error TS7006: Parameter 'tx' implicitly has an 'any' type.
src/modules/properties/property.routes.ts(39,52): error TS2345: Argument of type 'ZodObject<{ q: ZodString; orgId: ZodOptional<ZodString>; limit: ZodOptional<ZodEffects<ZodString, number, string>>; }, "strip", ZodTypeAny, { ...; }, { ...; }>' is not assignable to parameter of type 'ZodType<{ q: string; limit?: number | undefined; orgId?: string | undefined; }, ZodTypeDef, { q: string; limit?: number | undefined; orgId?: string | undefined; }>'.
src/modules/rbac/rbac.service.ts(175,34): error TS7006: Parameter 'rp' implicitly has an 'any' type.
src/modules/rbac/rbac.service.ts(235,33): error TS7006: Parameter 'rp' implicitly has an 'any' type.
src/modules/readiness/readiness.service.ts(9,8): error TS2307: Cannot find module '@prisma/client' or its corresponding type declarations.
src/modules/readiness/readiness.service.ts(121,61): error TS7006: Parameter 't' implicitly has an 'any' type.
src/modules/readiness/readiness.service.ts(122,68): error TS7006: Parameter 't' implicitly has an 'any' type.
src/modules/readiness/readiness.service.ts(122,121): error TS7006: Parameter 't' implicitly has an 'any' type.
src/modules/readiness/readiness.service.ts(124,55): error TS7006: Parameter 't' implicitly has an 'any' type.
src/modules/readiness/readiness.service.ts(124,76): error TS7006: Parameter 'a' implicitly has an 'any' type.
src/modules/readiness/readiness.service.ts(124,79): error TS7006: Parameter 'b' implicitly has an 'any' type.
src/modules/readiness/readiness.service.ts(127,26): error TS7006: Parameter 'ti' implicitly has an 'any' type.
src/modules/readiness/readiness.service.ts(300,36): error TS7006: Parameter 'i' implicitly has an 'any' type.
src/modules/readiness/readiness.service.ts(301,37): error TS7006: Parameter 'i' implicitly has an 'any' type.
src/modules/readiness/readiness.service.ts(302,45): error TS7006: Parameter 'i' implicitly has an 'any' type.
src/modules/readiness/readiness.service.ts(325,41): error TS7006: Parameter 'i' implicitly has an 'any' type.
src/modules/readiness/readiness.service.ts(327,8): error TS7006: Parameter 'i' implicitly has an 'any' type.
src/modules/readiness/readiness.service.ts(333,138): error TS7006: Parameter 'i' implicitly has an 'any' type.
src/modules/readiness/readiness.service.ts(366,18): error TS7006: Parameter 'item' implicitly has an 'any' type.
src/modules/readiness/readiness.service.ts(387,49): error TS7006: Parameter 'i' implicitly has an 'any' type.
src/modules/readiness/readiness.service.ts(388,50): error TS7006: Parameter 'r' implicitly has an 'any' type.
src/modules/security-audit/immutable-audit.service.ts(157,52): error TS2345: Argument of type '{ eventType: any; severity: any; userId: any; apiKeyId: any; ipAddress: any; endpoint: any; method: any; statusCode: any; timestamp: Date; previousHash: any; }' is not assignable to parameter of type 'Omit<ImmutableAuditLog, "id" | "signature">'.
src/modules/tasks/ai-task-generator.service.ts(251,5): error TS2322: Type 'WorkflowPhase | undefined' is not assignable to type 'WorkflowPhase'.
src/modules/users/user.service.ts(133,29): error TS7006: Parameter 'm' implicitly has an 'any' type.
src/modules/webhooks/webhook.routes.ts(63,48): error TS2339: Property 'supabase' does not exist on type 'FastifyInstance<RawServerDefault, IncomingMessage, ServerResponse<IncomingMessage>, FastifyBaseLogger, FastifyTypeProviderDefault>'.
src/modules/webhooks/webhook.routes.ts(92,23): error TS2339: Property 'supabase' does not exist on type 'FastifyInstance<RawServerDefault, IncomingMessage, ServerResponse<IncomingMessage>, FastifyBaseLogger, FastifyTypeProviderDefault>'.
src/modules/webhooks/webhook.service.ts(160,30): error TS2339: Property 'active' does not exist on type '{ url: any; secret: any; }'.
src/sdk/cli.ts(53,53): error TS2345: Argument of type '{ method: string; path: string; description: string; parameters: { name: string; type: string; required: boolean; location: string; }[]; responseType: string; }[]' is not assignable to parameter of type 'ApiEndpoint[]'.
